INTERNAL {
	global:

	idpf_adapter_deinit;
	idpf_adapter_init;

	idpf_qc_rx_thresh_check;
	idpf_qc_rx_queue_release;
	idpf_qc_rxq_mbufs_release;
	idpf_qc_single_rx_queue_reset;
	idpf_qc_single_rxq_mbufs_alloc;
	idpf_qc_single_tx_queue_reset;
	idpf_qc_singleq_rx_vec_setup;
	idpf_qc_singleq_tx_vec_avx512_setup;
	idpf_qc_split_rx_bufq_reset;
	idpf_qc_split_rx_descq_reset;
	idpf_qc_split_rx_queue_reset;
	idpf_qc_split_rxq_mbufs_alloc;
	idpf_qc_split_tx_complq_reset;
	idpf_qc_split_tx_descq_reset;
	idpf_qc_ts_mbuf_register;
	idpf_qc_tx_queue_release;
	idpf_qc_tx_thresh_check;
	idpf_qc_txq_mbufs_release;

	idpf_vport_deinit;
	idpf_vport_info_init;
	idpf_vport_init;
	idpf_vport_irq_map_config;
	idpf_vport_irq_unmap_config;
	idpf_vport_rss_config;

	idpf_execute_vc_cmd;
	idpf_prep_pkts;
	idpf_singleq_recv_pkts;
	idpf_singleq_recv_pkts_avx512;
	idpf_singleq_xmit_pkts;
	idpf_singleq_xmit_pkts_avx512;
	idpf_splitq_recv_pkts;
	idpf_splitq_xmit_pkts;
	idpf_vc_alloc_vectors;
	idpf_vc_check_api_version;
	idpf_vc_config_irq_map_unmap;
	idpf_vc_config_rxq;
	idpf_vc_config_txq;
	idpf_vc_create_vport;
	idpf_vc_dealloc_vectors;
	idpf_vc_destroy_vport;
	idpf_vc_ena_dis_queues;
	idpf_vc_ena_dis_vport;
	idpf_vc_get_caps;
	idpf_vc_query_ptype_info;
	idpf_vc_read_one_msg;
	idpf_vc_set_rss_hash;
	idpf_vc_set_rss_key;
	idpf_vc_set_rss_lut;
	idpf_vc_switch_queue;

	local: *;
};
