INTERNAL {
	global:

	idpf_adapter_deinit;
	idpf_adapter_init;
	idpf_alloc_single_rxq_mbufs;
	idpf_alloc_split_rxq_mbufs;
	idpf_check_rx_thresh;
	idpf_check_tx_thresh;
	idpf_config_irq_map;
	idpf_config_irq_unmap;
	idpf_config_rss;
	idpf_create_vport_info_init;
	idpf_execute_vc_cmd;
	idpf_prep_pkts;
	idpf_register_ts_mbuf;
	idpf_release_rxq_mbufs;
	idpf_release_txq_mbufs;
	idpf_reset_single_rx_queue;
	idpf_reset_single_tx_queue;
	idpf_reset_split_rx_bufq;
	idpf_reset_split_rx_descq;
	idpf_reset_split_rx_queue;
	idpf_reset_split_tx_complq;
	idpf_reset_split_tx_descq;
	idpf_rx_queue_release;
	idpf_singleq_recv_pkts;
	idpf_singleq_xmit_pkts;
	idpf_splitq_recv_pkts;
	idpf_splitq_xmit_pkts;
	idpf_tx_queue_release;
	idpf_vc_alloc_vectors;
	idpf_vc_check_api_version;
	idpf_vc_config_irq_map_unmap;
	idpf_vc_config_rxq;
	idpf_vc_config_txq;
	idpf_vc_create_vport;
	idpf_vc_dealloc_vectors;
	idpf_vc_destroy_vport;
	idpf_vc_ena_dis_queues;
	idpf_vc_ena_dis_vport;
	idpf_vc_get_caps;
	idpf_vc_query_ptype_info;
	idpf_vc_read_one_msg;
	idpf_vc_set_rss_hash;
	idpf_vc_set_rss_key;
	idpf_vc_set_rss_lut;
	idpf_vc_switch_queue;
	idpf_vport_deinit;
	idpf_vport_init;

	local: *;
};
