INTERNAL {
	global:

	cnxk_logtype_base;
	cnxk_logtype_mbox;
	cnxk_logtype_nix;
	cnxk_logtype_npa;
	roc_clk_freq_get;
	roc_error_msg_get;
	roc_idev_lmt_base_addr_get;
	roc_idev_npa_maxpools_get;
	roc_idev_npa_maxpools_set;
	roc_idev_npa_nix_get;
	roc_idev_num_lmtlines_get;
	roc_model;
	roc_nix_cq_fini;
	roc_nix_cq_init;
	roc_nix_dev_fini;
	roc_nix_dev_init;
	roc_nix_err_intr_ena_dis;
	roc_nix_get_base_chan;
	roc_nix_get_pf;
	roc_nix_get_pf_func;
	roc_nix_get_vf;
	roc_nix_get_vwqe_interval;
	roc_nix_is_lbk;
	roc_nix_is_pf;
	roc_nix_is_sdp;
	roc_nix_is_vf_or_sdp;
	roc_nix_lf_alloc;
	roc_nix_lf_free;
	roc_nix_max_pkt_len;
	roc_nix_ras_intr_ena_dis;
	roc_nix_register_cq_irqs;
	roc_nix_register_queue_irqs;
	roc_nix_rq_ena_dis;
	roc_nix_rq_fini;
	roc_nix_rq_init;
	roc_nix_rq_modify;
	roc_nix_rx_queue_intr_disable;
	roc_nix_rx_queue_intr_enable;
	roc_nix_sq_fini;
	roc_nix_sq_init;
	roc_nix_unregister_cq_irqs;
	roc_nix_unregister_queue_irqs;
	roc_npa_aura_limit_modify;
	roc_npa_aura_op_range_set;
	roc_npa_ctx_dump;
	roc_npa_dev_fini;
	roc_npa_dev_init;
	roc_npa_dump;
	roc_npa_pool_create;
	roc_npa_pool_destroy;
	roc_npa_pool_op_pc_reset;
	roc_npa_pool_range_update_check;
	roc_plt_init;
	roc_plt_init_cb_register;

	local: *;
};
