DPDK_17.05 {
	global:

	dpaa2_affine_qbman_swp;
	dpaa2_affine_qbman_swp_sec;
	dpaa2_alloc_dpbp_dev;
	dpaa2_alloc_dq_storage;
	dpaa2_free_dpbp_dev;
	dpaa2_free_dq_storage;
	dpbp_disable;
	dpbp_enable;
	dpbp_get_attributes;
	dpbp_get_num_free_bufs;
	dpbp_open;
	dpbp_reset;
	dpio_close;
	dpio_disable;
	dpio_enable;
	dpio_get_attributes;
	dpio_open;
	dpio_reset;
	dpio_set_stashing_destination;
	mc_send_command;
	per_lcore__dpaa2_io;
	qbman_check_command_complete;
	qbman_eq_desc_clear;
	qbman_eq_desc_set_fq;
	qbman_eq_desc_set_no_orp;
	qbman_eq_desc_set_qd;
	qbman_eq_desc_set_response;
	qbman_get_version;
	qbman_pull_desc_clear;
	qbman_pull_desc_set_fq;
	qbman_pull_desc_set_numframes;
	qbman_pull_desc_set_storage;
	qbman_release_desc_clear;
	qbman_release_desc_set_bpid;
	qbman_result_DQ_fd;
	qbman_result_DQ_flags;
	qbman_result_has_new_result;
	qbman_swp_acquire;
	qbman_swp_pull;
	qbman_swp_release;
	qbman_swp_send_multiple;
	rte_fslmc_driver_register;
	rte_fslmc_driver_unregister;
	rte_fslmc_vfio_dmamap;
	rte_mcp_ptr_list;

	local: *;
};

DPDK_17.08 {
	global:

	mc_get_soc_version;
	mc_get_version;
	qbman_result_SCN_state_in_mem;
	rte_global_active_dqs_list;

} DPDK_17.05;
